2026-07-20T06:25:33.388Z	ERROR	DESKTOP	下载任务失败
解析视频文件失败
2026-07-20T06:25:35.134Z	ERROR	DESKTOP	下载任务失败
请求资源失败
2026-07-20T06:25:39.314Z	ERROR	DESKTOP	下载任务失败
请求资源失败
2026-07-20T06:25:40.636Z	ERROR	DESKTOP	下载任务失败
请求资源失败
2026-07-20T06:25:54.768Z	ERROR	DESKTOP	下载任务失败
请求资源失败
2026-07-20T08:53:32.816Z	ERROR	DESKTOP	下载任务失败
请求资源失败
2026-07-20T08:54:05.090Z	ERROR	DESKTOP	下载任务失败
请求资源失败
2026-07-20T08:22:10.006Z	ERROR	DESKTOP	dystevply87i	下载任务失败
相同文件正在下载
2026-07-20T09:26:58.862Z	ERROR	DESKTOP	下载任务失败
请求资源失败
2026-07-20T09:26:59.264Z	ERROR	DESKTOP	下载任务失败
请求资源失败
2026-07-20T09:26:59.968Z	ERROR	DESKTOP	下载任务失败
请求资源失败
2026-07-20T09:27:01.277Z	ERROR	DESKTOP	下载任务失败
请求资源失败
2026-07-20T09:27:06.045Z	ERROR	DESKTOP	下载任务失败
请求资源失败
