2026-07-26T00:54:41.222Z	ERROR	DESKTOP	下载视频失败
视频文件合并失败
2026-07-26T00:54:41.519Z	ERROR	DESKTOP	下载任务失败
视频文件合并失败
2026-07-26T00:54:41.712Z	ERROR	DESKTOP	下载视频失败
视频文件合并失败
2026-07-26T00:54:41.792Z	ERROR	DESKTOP	下载任务失败
视频文件合并失败
2026-07-26T00:56:04.897Z	ERROR	DESKTOP	下载视频失败
视频文件合并失败
2026-07-26T07:16:14.881Z	ERROR	DESKTOP	下载文件失败
ENOSPC: no space left on device, write
2026-07-26T07:16:14.884Z	ERROR	DESKTOP	下载任务失败
ENOSPC: no space left on device, write
2026-07-26T07:16:15.661Z	ERROR	DESKTOP	下载文件失败
ENOSPC: no space left on device, write
2026-07-26T07:16:15.661Z	ERROR	DESKTOP	下载任务失败
ENOSPC: no space left on device, write
2026-07-26T07:16:16.539Z	ERROR	DESKTOP	下载文件失败
ENOSPC: no space left on device, write
2026-07-26T02:25:17.099Z	ERROR	DESKTOP	93919270199	下载视频失败
net::ERR_CONNECTION_RESET
2026-07-26T02:25:17.100Z	ERROR	DESKTOP	93919270199	下载视频失败
net::ERR_CONNECTION_RESET
2026-07-26T02:25:17.106Z	ERROR	DESKTOP	93919270199	下载任务失败
net::ERR_CONNECTION_RESET
2026-07-26T02:25:17.408Z	ERROR	DESKTOP	93919270199	下载任务失败
net::ERR_CONNECTION_RESET
2026-07-26T02:26:12.058Z	ERROR	DESKTOP	93919270199	下载任务失败
解析视频文件失败
2026-07-26T13:15:46.925Z	ERROR	DESKTOP	下载任务失败
请求视频列表失败
2026-07-26T13:16:35.489Z	ERROR	DESKTOP	下载任务失败
请求视频列表失败
2026-07-26T13:16:59.827Z	ERROR	DESKTOP	下载任务失败
请求视频列表失败
2026-07-26T15:02:39.406Z	ERROR	DESKTOP	52411929965	下载任务失败
请求资源失败
2026-07-26T15:02:48.056Z	ERROR	DESKTOP	52411929965	下载任务失败
请求资源失败
2026-07-26T15:02:51.476Z	ERROR	DESKTOP	52411929965	下载任务失败
请求资源失败
2026-07-26T15:02:57.751Z	ERROR	DESKTOP	52411929965	下载任务失败
获取视频签名失败
2026-07-26T15:03:00.978Z	ERROR	DESKTOP	52411929965	下载任务失败
请求资源失败
