2026-07-22T02:01:16.906Z	ERROR	DESKTOP	下载任务失败
EBUSY: resource busy or locked, unlink 'C:\Users\13251\Downloads\智慧教材\视频课程\小学\一年级\语文\统编版\下册\第一单元·识字\1 春夏秋冬\第一课时\01.春夏秋冬.mp4.download'
2026-07-22T02:03:41.298Z	ERROR	DESKTOP	下载任务失败
请求视频列表失败
2026-07-22T02:03:41.299Z	ERROR	DESKTOP	下载任务失败
请求资源失败
2026-07-22T02:03:41.300Z	ERROR	DESKTOP	下载任务失败
请求资源失败
2026-07-22T02:08:19.917Z	ERROR	DESKTOP	下载视频失败
视频分片下载失败
2026-07-20T08:33:02.039Z	ERROR	DESKTOP	93919270199	下载视频失败
net::ERR_CONNECTION_CLOSED
2026-07-20T08:33:02.047Z	ERROR	DESKTOP	93919270199	下载视频失败
net::ERR_CONNECTION_CLOSED
2026-07-20T08:33:02.047Z	ERROR	DESKTOP	93919270199	下载视频失败
net::ERR_CONNECTION_CLOSED
2026-07-20T08:33:02.047Z	ERROR	DESKTOP	93919270199	下载视频失败
net::ERR_CONNECTION_CLOSED
2026-07-20T08:33:02.047Z	ERROR	DESKTOP	93919270199	下载视频失败
net::ERR_CONNECTION_CLOSED
