2026-07-25T05:32:31.991Z	ERROR	DESKTOP	下载视频失败
视频文件合并失败
2026-07-25T05:32:32.018Z	ERROR	DESKTOP	下载任务失败
视频文件合并失败
2026-07-25T09:16:18.997Z	ERROR	DESKTOP	下载视频失败
视频分片下载失败
2026-07-25T09:16:19.026Z	ERROR	DESKTOP	下载任务失败
视频分片下载失败
2026-07-25T09:16:19.058Z	ERROR	DESKTOP	下载视频失败
net::ERR_CONNECTION_RESET
2026-07-25T09:16:19.058Z	ERROR	DESKTOP	下载视频失败
net::ERR_CONNECTION_RESET
2026-07-25T09:16:19.059Z	ERROR	DESKTOP	下载视频失败
net::ERR_CONNECTION_RESET
2026-07-25T06:21:01.852Z	ERROR	DESKTOP	下载文件失败
ENOENT: no such file or directory, rename 'C:\Users\思齐\Downloads\智慧教材\电子教材\小学\英语\教科版（主编：龚亚夫&鲁宗干）\四年级\（根据2022年版课程标准修订）义务教育教科书·英语 四年级下册\音频资源\Hi! Phonics.mp3.download' -> 'C:\Users\思齐\Downloads\智慧教材\电子教材\小学\英语\教科版（主编：龚亚夫&鲁宗干）\四年级\（根据2022年版课程标准修订）义务教育教科书·英语 四年级下册\音频资源\Hi! Phonics.mp3'
2026-07-25T06:21:01.854Z	ERROR	DESKTOP	下载任务失败
ENOENT: no such file or directory, rename 'C:\Users\思齐\Downloads\智慧教材\电子教材\小学\英语\教科版（主编：龚亚夫&鲁宗干）\四年级\（根据2022年版课程标准修订）义务教育教科书·英语 四年级下册\音频资源\Hi! Phonics.mp3.download' -> 'C:\Users\思齐\Downloads\智慧教材\电子教材\小学\英语\教科版（主编：龚亚夫&鲁宗干）\四年级\（根据2022年版课程标准修订）义务教育教科书·英语 四年级下册\音频资源\Hi! Phonics.mp3'
2026-07-25T06:21:02.522Z	ERROR	DESKTOP	下载文件失败
ENOENT: no such file or directory, rename 'C:\Users\思齐\Downloads\智慧教材\电子教材\小学\英语\教科版（主编：龚亚夫&鲁宗干）\四年级\（根据2022年版课程标准修订）义务教育教科书·英语 四年级下册\音频资源\Hi! Phonics.mp3.download' -> 'C:\Users\思齐\Downloads\智慧教材\电子教材\小学\英语\教科版（主编：龚亚夫&鲁宗干）\四年级\（根据2022年版课程标准修订）义务教育教科书·英语 四年级下册\音频资源\Hi! Phonics.mp3'
2026-07-25T06:21:02.522Z	ERROR	DESKTOP	下载任务失败
ENOENT: no such file or directory, rename 'C:\Users\思齐\Downloads\智慧教材\电子教材\小学\英语\教科版（主编：龚亚夫&鲁宗干）\四年级\（根据2022年版课程标准修订）义务教育教科书·英语 四年级下册\音频资源\Hi! Phonics.mp3.download' -> 'C:\Users\思齐\Downloads\智慧教材\电子教材\小学\英语\教科版（主编：龚亚夫&鲁宗干）\四年级\（根据2022年版课程标准修订）义务教育教科书·英语 四年级下册\音频资源\Hi! Phonics.mp3'
2026-07-25T06:28:56.369Z	ERROR	DESKTOP	下载文件失败
ENOENT: no such file or directory, rename 'C:\Users\思齐\Downloads\智慧教材\电子教材\小学\英语\人教大同版\三年级\（根据2022年版课程标准修订）义务教育教科书·英语 三年级 下册\音频资源\Unit 2 Dream toys.mp3.download' -> 'C:\Users\思齐\Downloads\智慧教材\电子教材\小学\英语\人教大同版\三年级\（根据2022年版课程标准修订）义务教育教科书·英语 三年级 下册\音频资源\Unit 2 Dream toys.mp3'
2026-07-25T11:14:45.888Z	ERROR	DESKTOP	下载任务失败
请求资源失败
2026-07-25T11:15:08.064Z	ERROR	DESKTOP	下载任务失败
请求资源失败
2026-07-25T11:15:12.799Z	ERROR	DESKTOP	下载任务失败
请求资源失败
2026-07-25T11:15:13.358Z	ERROR	DESKTOP	下载任务失败
请求资源失败
2026-07-25T11:15:26.239Z	ERROR	DESKTOP	下载任务失败
请求资源失败
