2026-07-27T02:33:09.958Z	ERROR	DESKTOP	下载文件失败
ENOSPC: no space left on device, write
2026-07-27T02:33:10.100Z	ERROR	DESKTOP	下载任务失败
ENOSPC: no space left on device, write
2026-07-27T02:39:46.986Z	ERROR	DESKTOP	下载文件失败
ENOENT: no such file or directory, rename 'C:\Users\Administrator\Downloads\智慧教材\电子教材\小学\数学\苏教版\五年级\义务教育教科书·数学五年级上册\义务教育教科书·数学五年级上册.pdf.download' -> 'C:\Users\Administrator\Downloads\智慧教材\电子教材\小学\数学\苏教版\五年级\义务教育教科书·数学五年级上册\义务教育教科书·数学五年级上册.pdf'
2026-07-27T02:39:46.987Z	ERROR	DESKTOP	下载任务失败
ENOENT: no such file or directory, rename 'C:\Users\Administrator\Downloads\智慧教材\电子教材\小学\数学\苏教版\五年级\义务教育教科书·数学五年级上册\义务教育教科书·数学五年级上册.pdf.download' -> 'C:\Users\Administrator\Downloads\智慧教材\电子教材\小学\数学\苏教版\五年级\义务教育教科书·数学五年级上册\义务教育教科书·数学五年级上册.pdf'
2026-07-27T03:31:46.353Z	ERROR	DESKTOP	下载文件失败
ENOSPC: no space left on device, write
2026-07-27T06:19:16.195Z	ERROR	DESKTOP	下载任务失败
请求资源失败
2026-07-27T08:04:39.749Z	ERROR	DESKTOP	下载任务失败
请求资源失败
2026-07-27T08:04:44.668Z	ERROR	DESKTOP	下载任务失败
请求资源失败
2026-07-27T08:05:04.624Z	ERROR	DESKTOP	下载任务失败
请求资源失败
2026-07-27T08:05:07.482Z	ERROR	DESKTOP	下载任务失败
请求资源失败
2026-07-27T08:05:15.232Z	ERROR	DESKTOP	下载任务失败
请求资源失败
